-rwsr-xr-x. 1 root root 15608 янв 19  2024 /usr/sbin/grub2-set-bootflag
-rws--x--x. 1 root root 45088 дек 27  2022 /usr/sbin/userhelper
-rwsr-xr-x. 1 root root 15984 янв 23  2024 /usr/sbin/pam_timestamp_check
-rwsr-xr-x. 1 root root 24408 янв 23  2024 /usr/sbin/unix_chkpwd
-rwsr-xr-x. 1 root root 112576 июн 27  2023 /usr/sbin/mount.nfs
-rws--x--x. 1 root root 24360 мар 31  2023 /usr/bin/chsh
-rwsr-xr-x. 1 root root 38184 дек 28  2023 /usr/bin/newgrp
-rwsr-xr-x. 1 root root 36704 мар 31  2023 /usr/bin/umount
---s--x--x. 1 root root 219168 ноя 29  2023 /usr/bin/sudo
-rwsr-xr-x. 1 root root 32504 сен 26  2023 /usr/bin/pkexec
-rwsr-xr-x. 1 root root 36776 дек 26  2022 /usr/bin/fusermount
-rwsr-xr-x. 1 root root 57696 мар 17  2023 /usr/bin/crontab
-rwsr-xr-x. 1 root root 49056 мар 31  2023 /usr/bin/mount
-rwsr-xr-x. 1 root root 32568 ноя 13  2023 /usr/bin/passwd
-rwsr-xr-x. 1 root root 57520 авг 23  2023 /usr/bin/ksu
-rwsr-xr-x. 1 root root 57848 дек 28  2022 /usr/bin/at
-rws--x--x. 1 root root 32616 мар 31  2023 /usr/bin/chfn
-rwsr-xr-x. 1 root root 78472 дек 28  2023 /usr/bin/gpasswd
-rwsr-xr-x. 1 root root 74616 дек 28  2023 /usr/bin/chage
-rwsr-xr-x. 1 root root 57944 мар 31  2023 /usr/bin/su
-rwsr-xr-x. 1 root root 36776 дек 27  2022 /usr/bin/fusermount3
-rwsr-xr-x. 1 root root 473360 авг 21  2023 /usr/bin/firejail
-rwsr-xr-x. 1 root root 16288 дек 13  2023 /usr/libexec/Xorg.wrap
-r-sr-xr-x. 1 root root 351176 янв 10  2024 /usr/libexec/openssh/ssh-keysign
-rwsr-x---. 1 root dbus 36744 дек 23  2022 /usr/libexec/dbus-1/dbus-daemon-launch-helper
-rwsr-xr-x. 1 root root 244216 янв 30  2024 /usr/lib64/chromium-browser/chrome-sandbox
-rwsr-xr-x. 1 root root 20280 сен 26  2023 /usr/lib/polkit-1/polkit-agent-helper-1
