  Файл: /home/user1/mysetcap_chown
  Размер: 66616     	Блоков: 144        Блок В/В: 4096   обычный файл
Устройство: 8/4	Инода: 1108482     Ссылки: 1
Доступ: (0755/-rwxr-xr-x)  Uid: (    0/    root)   Gid: (    0/    root)
Контекст: unconfined_u:object_r:user_home_t:s0
Доступ:        2026-10-01 00:36:21.307022556 +0300
Модифицирован: 2026-10-01 00:32:59.730849215 +0300
Изменён:       2026-10-01 00:34:16.215802058 +0300
Создан:        2026-10-01 00:32:59.730849215 +0300
  Файл: /home/user1/mysetuid_cat
  Размер: 37336     	Блоков: 80         Блок В/В: 4096   обычный файл
Устройство: 8/4	Инода: 1108479     Ссылки: 1
Доступ: (4755/-rwsr-xr-x)  Uid: (    0/    root)   Gid: (    0/    root)
Контекст: unconfined_u:object_r:user_home_t:s0
Доступ:        2026-10-01 00:30:40.097949111 +0300
Модифицирован: 2026-10-01 00:22:45.604082105 +0300
Изменён:       2026-10-01 00:29:21.746390316 +0300
Создан:        2026-10-01 00:22:45.604082105 +0300
-rwsr-xr-x. 1 root root 37336 окт  1 00:22 /home/user1/mysetuid_cat
  Файл: /home/user1
  Размер: 4096      	Блоков: 8          Блок В/В: 4096   каталог
Устройство: 8/4	Инода: 1108472     Ссылки: 3
Доступ: (0700/drwx------)  Uid: ( 1234/   user1)   Gid: ( 1001/stydents)
Контекст: unconfined_u:object_r:user_home_dir_t:s0
Доступ:        2026-10-01 00:21:19.984335304 +0300
Модифицирован: 2026-10-01 00:47:12.964786929 +0300
Изменён:       2026-10-01 00:47:12.964786929 +0300
Создан:        2026-10-01 00:15:24.027582050 +0300
